xooxox
soos